Dictionary
0: a
1: aet
2: afl
3: agwf
4: aj
5: akj
6: alk
7: alp
8: auh
9: auk
10: auv
11: avp
12: awd
13: ayc
14: ayx
15: bc
16: bct
17: bfj
18: bfm
19: bj
20: blo
21: blz
22: bmr
23: bnd
24: btfn
25: btx
26: byjq
27: c
28: cbp
29: cem
30: chm
31: cjhr
32: cmz
33: cpl
34: cpq
35: csn
36: cv
37: cvp
38: cvz
39: cwm
40: czs
41: d
42: dap
43: daq
44: dbh
45: dbk
46: dcz
47: dgb
48: dgqi
49: dim
50: dixj
51: djsy
52: dkq
53: dlbv
54: dp
55: dqf
56: dse
57: dwm
58: dxci
59: dzj
60: e
61: eaw
62: ebx
63: ec
64: eca
65: eck
66: edm
67: egno
68: eif
69: engz
70: enp
71: esb
72: ewg
73: exa
74: exy
75: exz
76: f
77: fgip
78: fiq
79: fjn
80: fkn
81: fms
82: fpu
83: fw
84: fwd
85: fxvy
86: g
87: gep
88: gfjm
89: gka
90: gkj
91: gko
92: gkp
93: gkw
94: gmv
95: gn
96: gpi
97: gqf
98: gtl
99: guof
100: guy
101: h
102: hbd
103: he
104: hiz
105: hl
106: hlr
107: hmx
108: hnd
109: hnp
110: ho
111: hsf
112: hsp
113: hui
114: hvl
115: hwd
116: hzp
117: i
118: ibp
119: idm
120: ifc
121: ihmb
122: im
123: ime
124: ind
125: inq
126: inxs
127: iolf
128: ioq
129: is
130: isk
131: its
132: iud
133: ium
134: iva
135: iwb
136: iwc
137: ixc
138: iyl
139: ja
140: jacz
141: jei
142: jeo
143: ji
144: jid
145: jit
146: jkc
147: jnz
148: jpqf
149: jqo
150: jvh
151: jwl
152: jzas
153: k
154: kau
155: kgt
156: khyf
157: ki
158: kiw
159: kla
160: klj
161: kmo
162: kob
163: kvjw
164: kyi
165: kzs
166: l
167: lbc
168: ldg
169: ldig
170: lds
171: ljud
172: lk
173: lkt
174: lsk
175: lue
176: lwe
177: lws
178: mad
179: mez
180: mfb
181: mk
182: mkr
183: mkz
184: mlb
185: mpg
186: mrv
187: ms
188: mtz
189: mud
190: mz
191: n
192: ndu
193: nei
194: neu
195: nf
196: nhw
197: nkp
198: nok
199: nre
200: nxt
201: o
202: obxs
203: ofc
204: ois
205: ojc
206: osq
207: ovs
208: oyj
209: ozn
210: p
211: pcsq
212: peq
213: pftg
214: pgw
215: pkg
216: po
217: posy
218: prv
219: prx
220: psx
221: ptn
222: pwm
223: pyi
224: q
225: qeo
226: qgdh
227: qgh
228: qgje
229: qgl
230: qht
231: qjn
232: qjs
233: qko
234: qlo
235: qly
236: qrn
237: qsx
238: quf
239: qvh
240: qxj
241: qyd
242: qztd
243: r
244: ra
245: rch
246: rfqx
247: rij
248: rivu
249: rje
250: rka
251: rns
252: rqd
253: rtl
254: rtz
255: ru
256: ruh
257: rux
258: ruy
259: rw
260: ry
261: rzy
262: scro
263: sgxc
264: sie
265: sim
266: sjw
267: sow
268: syvj
269: t
270: tchx
271: tel
272: tk
273: tns
274: toj
275: tq
276: trz
277: tvr
278: tw
279: twl
280: twx
281: twxc
282: tzl
283: tzq
284: u
285: uanl
286: udb
287: uek
288: uev
289: ufl
290: uhm
291: uo
292: uvb
293: uxs
294: uyar
295: vag
296: vda
297: vdm
298: vej
299: vfu
300: via
301: vjy
302: vks
303: vkz
304: vmk
305: vnw
306: vou
307: vpwz
308: vs
309: vtb
310: vwxd
311: vyz
312: w
313: wap
314: wbj
315: wdgh
316: wdn
317: wdop
318: wgp
319: wgv
320: wkn
321: wos
322: wqc
323: wrz
324: wu
325: wuh
326: wuy
327: wvi
328: wvm
329: wxb
330: wxu
331: wyi
332: xbrd
333: xcl
334: xdu
335: xef
336: xiy
337: xka
338: xlw
339: xmu
340: xsc
341: xva
342: xylz
343: xyn
344: y
345: yap
346: ydje
347: ydm
348: yeg
349: yfh
350: yfs
351: yg
352: yhfz
353: yhl
354: yizp
355: yjp
356: yka
357: ykt
358: yku
359: ylbn
360: ynkl
361: yrap
362: yrtl
363: ysj
364: ytf
365: yto
366: yvz
367: ywb
368: ywz
369: yxm
370: z
371: zbyr
372: zdq
373: zgs
374: zhw
375: zjct
376: zkm
377: zm
378: zp
Ordered Word Ladder Graph
V=379, E=529
<0 4> <0 27> <0 41> <0 60> <0 76> <0 86> <0 101> <0 117> <0 139> <0 153> <0 166> <0 191> <0 201> <0 210> <0 224> <0 243> <0 244> <0 269> <0 284> <0 312> <0 344> <0 370> 
<2 289> 
<4 0> <4 5> <4 19> 
<5 4> <5 90> 
<6 7> <6 9> <6 172> 
<7 6> <7 11> 
<8 9> <8 10> <8 256> <8 325> 
<9 6> <9 8> <9 10> 
<10 8> <10 9> 
<11 7> <11 37> 
<12 84> <12 115> 
<13 14> 
<14 13> 
<15 16> <15 19> <15 27> <15 63> <15 167> 
<16 15> 
<17 18> <17 19> 
<18 17> 
<19 4> <19 15> <19 17> <19 314> 
<20 21> <20 234> 
<21 20> 
<23 108> <23 124> 
<27 0> <27 15> <27 36> <27 41> <27 60> <27 63> <27 76> <27 86> <27 101> <27 117> <27 153> <27 166> <27 191> <27 201> <27 210> <27 224> <27 243> <27 269> <27 284> <27 312> <27 344> <27 370> 
<28 37> <28 118> 
<29 30> <29 39> 
<30 29> <30 39> <30 290> 
<32 38> <32 190> 
<33 34> 
<34 33> 
<36 27> <36 37> <36 38> 
<37 11> <37 28> <37 36> <37 38> 
<38 32> <38 36> <38 37> <38 366> 
<39 29> <39 30> <39 57> <39 222> 
<40 165> 
<41 0> <41 27> <41 54> <41 60> <41 76> <41 86> <41 101> <41 117> <41 153> <41 166> <41 191> <41 201> <41 210> <41 224> <41 243> <41 269> <41 284> <41 312> <41 344> <41 370> 
<42 43> <42 54> <42 313> <42 345> 
<43 42> <43 52> 
<44 45> 
<45 44> 
<49 57> <49 122> <49 265> 
<52 43> 
<54 41> <54 42> <54 210> <54 378> 
<55 97> 
<57 39> <57 49> <57 222> 
<60 0> <60 27> <60 41> <60 63> <60 76> <60 86> <60 101> <60 103> <60 117> <60 153> <60 166> <60 191> <60 201> <60 210> <60 224> <60 243> <60 269> <60 284> <60 312> <60 344> <60 370> 
<63 15> <63 27> <63 60> <63 64> <63 65> 
<64 63> <64 65> <64 73> 
<65 63> <65 64> 
<66 119> <66 297> <66 347> 
<70 109> 
<73 64> <73 74> <73 75> 
<74 73> <74 75> 
<75 73> <75 74> 
<76 0> <76 27> <76 41> <76 60> <76 83> <76 86> <76 101> <76 117> <76 153> <76 166> <76 191> <76 195> <76 201> <76 210> <76 224> <76 243> <76 269> <76 284> <76 312> <76 344> <76 370> 
<79 80> <79 231> 
<80 79> <80 320> 
<81 187> 
<83 76> <83 84> <83 259> <83 278> <83 312> 
<84 12> <84 83> <84 115> 
<86 0> <86 27> <86 41> <86 60> <86 76> <86 95> <86 101> <86 117> <86 153> <86 166> <86 191> <86 201> <86 210> <86 224> <86 243> <86 269> <86 284> <86 312> <86 344> <86 351> <86 370> 
<87 92> 
<89 90> <89 91> <89 92> <89 93> <89 250> <89 337> <89 356> 
<90 5> <90 89> <90 91> <90 92> <90 93> 
<91 89> <91 90> <91 92> <91 93> <91 233> 
<92 87> <92 89> <92 90> <92 91> <92 93> <92 197> 
<93 89> <93 90> <93 91> <93 92> 
<95 86> <95 191> 
<97 55> 
<98 253> 
<100 258> <100 326> 
<101 0> <101 27> <101 41> <101 60> <101 76> <101 86> <101 103> <101 105> <101 110> <101 117> <101 153> <101 166> <101 191> <101 201> <101 210> <101 224> <101 243> <101 269> <101 284> <101 312> <101 344> <101 370> 
<102 108> <102 115> 
<103 60> <103 101> <103 105> <103 110> 
<105 101> <105 103> <105 106> <105 110> <105 114> <105 166> <105 353> 
<106 105> 
<108 23> <108 102> <108 109> <108 115> <108 124> 
<109 70> <109 108> <109 112> <109 116> 
<110 101> <110 103> <110 105> <110 201> <110 216> <110 291> 
<111 112> 
<112 109> <112 111> <112 116> 
<114 105> 
<115 12> <115 84> <115 102> <115 108> 
<116 109> <116 112> <116 378> 
<117 0> <117 27> <117 41> <117 60> <117 76> <117 86> <117 101> <117 122> <117 129> <117 143> <117 153> <117 157> <117 166> <117 191> <117 201> <117 210> <117 224> <117 243> <117 269> <117 284> <117 312> <117 344> <117 370> 
<118 28> 
<119 66> <119 122> <119 133> <119 297> <119 347> 
<120 136> <120 137> <120 203> 
<122 49> <122 117> <122 119> <122 123> <122 129> <122 133> <122 265> <122 377> 
<123 122> 
<124 23> <124 108> <124 125> <124 132> 
<125 124> <125 128> 
<128 125> 
<129 117> <129 122> <129 130> <129 131> <129 187> <129 204> <129 308> 
<130 129> <130 174> 
<131 129> 
<132 124> <132 133> <132 189> 
<133 119> <133 122> <133 132> 
<134 341> 
<135 136> <135 367> 
<136 120> <136 135> <136 137> 
<137 120> <137 136> 
<139 0> <139 143> <139 244> 
<141 142> <141 143> <141 193> 
<142 141> <142 149> <142 225> 
<143 117> <143 139> <143 141> <143 144> <143 145> <143 157> 
<144 143> <144 145> 
<145 143> <145 144> 
<149 142> 
<150 239> 
<151 279> 
<153 0> <153 27> <153 41> <153 60> <153 76> <153 86> <153 101> <153 117> <153 157> <153 166> <153 172> <153 181> <153 191> <153 201> <153 210> <153 224> <153 243> <153 269> <153 272> <153 284> <153 312> <153 344> <153 370> 
<157 117> <157 143> <157 153> <157 158> <157 164> 
<158 157> 
<159 160> 
<160 159> 
<164 157> <164 223> <164 331> 
<165 40> 
<166 0> <166 27> <166 41> <166 60> <166 76> <166 86> <166 101> <166 105> <166 117> <166 153> <166 172> <166 191> <166 201> <166 210> <166 224> <166 243> <166 269> <166 284> <166 312> <166 344> <166 370> 
<167 15> 
<168 169> <168 170> 
<169 168> 
<170 168> <170 177> 
<172 6> <172 153> <172 166> <172 173> <172 174> <172 181> <172 272> 
<173 172> <173 357> 
<174 130> <174 172> 
<175 176> 
<176 175> <176 177> 
<177 170> <177 176> 
<178 189> 
<179 183> <179 188> <179 190> 
<180 184> 
<181 153> <